../Drivers/CMSIS/Include/core_cm4.h:2064:26:ITM_SendChar	16	static,ignoring_inline_asm
../Core/Src/main.c:92:9:int_to_bcd	16	static
../Core/Src/main.c:96:5:bcd_to_int	16	static
../Core/Src/main.c:101:6:CDC_HANDLE	8	static
../Core/Src/main.c:160:5:main	16	static
../Core/Src/main.c:225:6:SystemClock_Config	88	static
../Core/Src/main.c:272:13:MX_USART3_UART_Init	8	static
../Core/Src/main.c:305:13:MX_GPIO_Init	56	static
../Core/Src/main.c:394:6:HAL_GPIO_EXTI_Callback	16	static
../Core/Src/main.c:404:27:_write	32	static
../Core/Src/main.c:421:6:Error_Handler	4	static,ignoring_inline_asm
